// Jest Snapshot v1, https://jestjs.io/docs/snapshot-testing

exports[`getHttrackArgs should return an array of arguments 1`] = `
[
  "https://intranet.justice.gov.uk/",
  "+*.png",
  "+*.gif",
  "+*.jpg",
  "+*.jpeg",
  "+*.css",
  "+*.js",
  "+*.eot",
  "+*.ttf",
  "+*.woff",
  "-ad.doubleclick.net/*",
  "-justiceuk.sharepoint.com/*",
  "-*intranet.justice.gov.uk/agency-switcher/",
  "-*intranet.justice.gov.uk/?*agency=*",
  "-*intranet.justice.gov.uk/?p=*",
  "-*intranet.justice.gov.uk/?page_id=*",
  "-*intranet.justice.gov.uk/wp-json/*/embed*",
  "-*intranet.justice.gov.uk/wp/*",
  "-intranet.docker/agency-switcher/",
  "-intranet.docker/?*agency=*",
  "-intranet.docker/?p=*",
  "-intranet.docker/?page_id=*",
  "-intranet.docker/wp-json/*/embed*",
  "-intranet.docker/wp/*",
  "-s0",
  "-V",
  ""sed -i 's/srcset="[^"]*"//g' $0 && sed -i 's/<\\/head>/<link rel="stylesheet" href="\\/assets\\/archive-mod.css">\\n<script type="text\\/javascript" src="\\/assets\\/archive-mod.js"><\\/script>\\n<\\/head>/' $0 && sed -i -r 's|href="((https?)?://(dev.)?(staging.)?(demo.)?intranet.justice.gov.uk)?/agency-switcher/?"|href="/index.html"|g' $0"",
  "-%k",
  "-F",
  "intranet-archive",
  "-%X",
  "Cookie: dw_agency=hq; jwt=***",
  "-O",
  "/tmp/test-snapshot",
]
`;
